

================================================================
== Vivado HLS Report for 'softmax_stable_ap_fixed_ap_fixed_16_3_5_3_0_softmax_config10_s'
================================================================
* Date:           Sun Mar  3 22:45:53 2024

* Version:        2019.2 (Build 2704478 on Wed Nov 06 22:10:23 MST 2019)
* Project:        myproject_prj
* Solution:       solution1
* Product family: artix7
* Target device:  xc7a35t-csg324-3


================================================================
== Performance Estimates
================================================================
+ Timing: 
    * Summary: 
    +--------+---------+----------+------------+
    |  Clock |  Target | Estimated| Uncertainty|
    +--------+---------+----------+------------+
    |ap_clk  | 5.00 ns | 3.733 ns |   0.62 ns  |
    +--------+---------+----------+------------+

+ Latency: 
    * Summary: 
    +---------+---------+-----------+-----------+-----+-----+----------+
    |  Latency (cycles) |   Latency (absolute)  |  Interval | Pipeline |
    |   min   |   max   |    min    |    max    | min | max |   Type   |
    +---------+---------+-----------+-----------+-----+-----+----------+
    |       10|       10| 50.000 ns | 50.000 ns |    1|    1| function |
    +---------+---------+-----------+-----------+-----+-----+----------+

    + Detail: 
        * Instance: 
        N/A

        * Loop: 
        N/A



================================================================
== Utilization Estimates
================================================================
* Summary: 
+-----------------+---------+-------+-------+-------+-----+
|       Name      | BRAM_18K| DSP48E|   FF  |  LUT  | URAM|
+-----------------+---------+-------+-------+-------+-----+
|DSP              |        -|      3|      -|      -|    -|
|Expression       |        -|      -|      0|    295|    -|
|FIFO             |        -|      -|      -|      -|    -|
|Instance         |        -|      -|      -|      -|    -|
|Memory           |        3|      -|      0|      0|    -|
|Multiplexer      |        -|      -|      -|      -|    -|
|Register         |        0|      -|    428|     96|    -|
+-----------------+---------+-------+-------+-------+-----+
|Total            |        3|      3|    428|    391|    0|
+-----------------+---------+-------+-------+-------+-----+
|Available        |      100|     90|  41600|  20800|    0|
+-----------------+---------+-------+-------+-------+-----+
|Utilization (%)  |        3|      3|      1|      1|    0|
+-----------------+---------+-------+-------+-------+-----+

+ Detail: 
    * Instance: 
    N/A

    * DSP48E: 
    +--------------------------------------+----------------------------------+-----------+
    |               Instance               |              Module              | Expression|
    +--------------------------------------+----------------------------------+-----------+
    |myproject_mul_mul_18s_18s_27_3_1_U70  |myproject_mul_mul_18s_18s_27_3_1  |  i0 * i1  |
    |myproject_mul_mul_18s_18s_27_3_1_U71  |myproject_mul_mul_18s_18s_27_3_1  |  i0 * i1  |
    |myproject_mul_mul_18s_18s_27_3_1_U72  |myproject_mul_mul_18s_18s_27_3_1  |  i0 * i1  |
    +--------------------------------------+----------------------------------+-----------+

    * Memory: 
    +-----------------+------------------------------------------------------------------------------+---------+---+----+-----+------+-----+------+-------------+
    |      Memory     |                                    Module                                    | BRAM_18K| FF| LUT| URAM| Words| Bits| Banks| W*Bits*Banks|
    +-----------------+------------------------------------------------------------------------------+---------+---+----+-----+------+-----+------+-------------+
    |exp_table1_U     |softmax_stable_ap_fixed_ap_fixed_16_3_5_3_0_softmax_config10_s_exp_table1     |        2|  0|   0|    0|  1024|   18|     1|        18432|
    |invert_table2_U  |softmax_stable_ap_fixed_ap_fixed_16_3_5_3_0_softmax_config10_s_invert_table2  |        1|  0|   0|    0|  1024|   18|     1|        18432|
    +-----------------+------------------------------------------------------------------------------+---------+---+----+-----+------+-----+------+-------------+
    |Total            |                                                                              |        3|  0|   0|    0|  2048|   36|     2|        36864|
    +-----------------+------------------------------------------------------------------------------+---------+---+----+-----+------+-----+------+-------------+

    * FIFO: 
    N/A

    * Expression: 
    +-----------------------------+----------+-------+---+----+------------+------------+
    |        Variable Name        | Operation| DSP48E| FF| LUT| Bitwidth P0| Bitwidth P1|
    +-----------------------------+----------+-------+---+----+------------+------------+
    |add_ln703_fu_427_p2          |     +    |      0|  0|  18|          18|          18|
    |exp_sum_V_fu_431_p2          |     +    |      0|  0|  18|          18|          18|
    |sub_ln1193_1_fu_206_p2       |     -    |      0|  0|  24|          17|          17|
    |sub_ln1193_2_fu_261_p2       |     -    |      0|  0|  24|          17|          17|
    |sub_ln1193_fu_151_p2         |     -    |      0|  0|  24|          17|          17|
    |and_ln786_1_fu_234_p2        |    and   |      0|  0|   2|           1|           1|
    |and_ln786_2_fu_289_p2        |    and   |      0|  0|   2|           1|           1|
    |and_ln786_fu_179_p2          |    and   |      0|  0|   2|           1|           1|
    |ap_block_pp0_stage0_11001    |    and   |      0|  0|   2|           1|           1|
    |icmp_ln1496_1_fu_133_p2      |   icmp   |      0|  0|  13|          16|          16|
    |icmp_ln1496_fu_122_p2        |   icmp   |      0|  0|  13|          16|          16|
    |ap_block_pp0_stage0_subdone  |    or    |      0|  0|   2|           1|           1|
    |or_ln340_1_fu_252_p2         |    or    |      0|  0|   2|           1|           1|
    |or_ln340_2_fu_307_p2         |    or    |      0|  0|   2|           1|           1|
    |or_ln340_fu_197_p2           |    or    |      0|  0|   2|           1|           1|
    |select_ln340_2_fu_357_p3     |  select  |      0|  0|  10|           1|           9|
    |select_ln340_4_fu_391_p3     |  select  |      0|  0|  10|           1|           9|
    |select_ln340_fu_323_p3       |  select  |      0|  0|  10|           1|           9|
    |select_ln388_1_fu_365_p3     |  select  |      0|  0|  11|           1|          11|
    |select_ln388_2_fu_399_p3     |  select  |      0|  0|  11|           1|          11|
    |select_ln388_fu_331_p3       |  select  |      0|  0|  11|           1|          11|
    |select_ln65_fu_128_p3        |  select  |      0|  0|  16|           1|          16|
    |x_max_V_fu_138_p3            |  select  |      0|  0|  16|           1|          16|
    |y_V_1_fu_373_p3              |  select  |      0|  0|  10|           1|          10|
    |y_V_2_fu_407_p3              |  select  |      0|  0|  10|           1|          10|
    |y_V_fu_339_p3                |  select  |      0|  0|  10|           1|          10|
    |ap_enable_pp0                |    xor   |      0|  0|   2|           1|           2|
    |xor_ln340_1_fu_246_p2        |    xor   |      0|  0|   2|           1|           2|
    |xor_ln340_2_fu_301_p2        |    xor   |      0|  0|   2|           1|           2|
    |xor_ln340_3_fu_185_p2        |    xor   |      0|  0|   2|           1|           1|
    |xor_ln340_4_fu_240_p2        |    xor   |      0|  0|   2|           1|           1|
    |xor_ln340_5_fu_295_p2        |    xor   |      0|  0|   2|           1|           1|
    |xor_ln340_fu_191_p2          |    xor   |      0|  0|   2|           1|           2|
    |xor_ln786_1_fu_228_p2        |    xor   |      0|  0|   2|           1|           2|
    |xor_ln786_2_fu_283_p2        |    xor   |      0|  0|   2|           1|           2|
    |xor_ln786_fu_173_p2          |    xor   |      0|  0|   2|           1|           2|
    +-----------------------------+----------+-------+---+----+------------+------------+
    |Total                        |          |      0|  0| 295|         148|         266|
    +-----------------------------+----------+-------+---+----+------------+------------+

    * Multiplexer: 
    N/A

    * Register: 
    +---------------------------------------+----+----+-----+-----------+
    |                  Name                 | FF | LUT| Bits| Const Bits|
    +---------------------------------------+----+----+-----+-----------+
    |ap_CS_fsm                              |   1|   0|    1|          0|
    |ap_enable_reg_pp0_iter1                |   1|   0|    1|          0|
    |ap_enable_reg_pp0_iter10               |   1|   0|    1|          0|
    |ap_enable_reg_pp0_iter2                |   1|   0|    1|          0|
    |ap_enable_reg_pp0_iter3                |   1|   0|    1|          0|
    |ap_enable_reg_pp0_iter4                |   1|   0|    1|          0|
    |ap_enable_reg_pp0_iter5                |   1|   0|    1|          0|
    |ap_enable_reg_pp0_iter6                |   1|   0|    1|          0|
    |ap_enable_reg_pp0_iter7                |   1|   0|    1|          0|
    |ap_enable_reg_pp0_iter8                |   1|   0|    1|          0|
    |ap_enable_reg_pp0_iter9                |   1|   0|    1|          0|
    |data_0_V_read_1_reg_541                |  16|   0|   16|          0|
    |data_0_V_read_1_reg_541_pp0_iter1_reg  |  16|   0|   16|          0|
    |data_1_V_read_1_reg_535                |  16|   0|   16|          0|
    |data_1_V_read_1_reg_535_pp0_iter1_reg  |  16|   0|   16|          0|
    |data_2_V_read_1_reg_528                |  16|   0|   16|          0|
    |data_2_V_read_1_reg_528_pp0_iter1_reg  |  16|   0|   16|          0|
    |exp_res_0_V_reg_587                    |  18|   0|   18|          0|
    |exp_res_1_V_reg_593                    |  18|   0|   18|          0|
    |exp_res_2_V_reg_599                    |  18|   0|   18|          0|
    |icmp_ln1496_reg_547                    |   1|   0|    1|          0|
    |inv_exp_sum_V_reg_615                  |  18|   0|   18|          0|
    |x_max_V_reg_552                        |  16|   0|   16|          0|
    |y_V_1_reg_562                          |  10|   0|   10|          0|
    |y_V_2_reg_567                          |  10|   0|   10|          0|
    |y_V_3_reg_605                          |  10|   0|   10|          0|
    |y_V_reg_557                            |  10|   0|   10|          0|
    |exp_res_0_V_reg_587                    |  64|  32|   18|          0|
    |exp_res_1_V_reg_593                    |  64|  32|   18|          0|
    |exp_res_2_V_reg_599                    |  64|  32|   18|          0|
    +---------------------------------------+----+----+-----+-----------+
    |Total                                  | 428|  96|  290|          0|
    +---------------------------------------+----+----+-----+-----------+



================================================================
== Interface
================================================================
* Summary: 
+---------------+-----+-----+------------+----------------------------------------------------------------+--------------+
|   RTL Ports   | Dir | Bits|  Protocol  |                          Source Object                         |    C Type    |
+---------------+-----+-----+------------+----------------------------------------------------------------+--------------+
|ap_clk         |  in |    1| ap_ctrl_hs | softmax_stable<ap_fixed,ap_fixed<16,3,5,3,0>,softmax_config10> | return value |
|ap_rst         |  in |    1| ap_ctrl_hs | softmax_stable<ap_fixed,ap_fixed<16,3,5,3,0>,softmax_config10> | return value |
|ap_start       |  in |    1| ap_ctrl_hs | softmax_stable<ap_fixed,ap_fixed<16,3,5,3,0>,softmax_config10> | return value |
|ap_done        | out |    1| ap_ctrl_hs | softmax_stable<ap_fixed,ap_fixed<16,3,5,3,0>,softmax_config10> | return value |
|ap_idle        | out |    1| ap_ctrl_hs | softmax_stable<ap_fixed,ap_fixed<16,3,5,3,0>,softmax_config10> | return value |
|ap_ready       | out |    1| ap_ctrl_hs | softmax_stable<ap_fixed,ap_fixed<16,3,5,3,0>,softmax_config10> | return value |
|ap_ce          |  in |    1| ap_ctrl_hs | softmax_stable<ap_fixed,ap_fixed<16,3,5,3,0>,softmax_config10> | return value |
|ap_return_0    | out |   16| ap_ctrl_hs | softmax_stable<ap_fixed,ap_fixed<16,3,5,3,0>,softmax_config10> | return value |
|ap_return_1    | out |   16| ap_ctrl_hs | softmax_stable<ap_fixed,ap_fixed<16,3,5,3,0>,softmax_config10> | return value |
|ap_return_2    | out |   16| ap_ctrl_hs | softmax_stable<ap_fixed,ap_fixed<16,3,5,3,0>,softmax_config10> | return value |
|data_0_V_read  |  in |   16|   ap_none  |                          data_0_V_read                         |    scalar    |
|data_1_V_read  |  in |   16|   ap_none  |                          data_1_V_read                         |    scalar    |
|data_2_V_read  |  in |   16|   ap_none  |                          data_2_V_read                         |    scalar    |
+---------------+-----+-----+------------+----------------------------------------------------------------+--------------+

