

================================================================
== Vivado HLS Report for 'relu_ap_fixed_16_6_5_3_0_ap_ufixed_5_0_4_0_0_relu_config4_s'
================================================================
* Date:           Tue Mar  5 17:47:42 2024

* Version:        2019.2 (Build 2704478 on Wed Nov 06 22:10:23 MST 2019)
* Project:        NN_final_prj
* Solution:       solution1
* Product family: artix7
* Target device:  xc7a35t-csg324-3


================================================================
== Performance Estimates
================================================================
+ Timing: 
    * Summary: 
    +--------+---------+----------+------------+
    |  Clock |  Target | Estimated| Uncertainty|
    +--------+---------+----------+------------+
    |ap_clk  | 5.00 ns | 3.468 ns |   0.62 ns  |
    +--------+---------+----------+------------+

+ Latency: 
    * Summary: 
    +---------+---------+----------+----------+-----+-----+----------+
    |  Latency (cycles) |  Latency (absolute) |  Interval | Pipeline |
    |   min   |   max   |    min   |    max   | min | max |   Type   |
    +---------+---------+----------+----------+-----+-----+----------+
    |        0|        0|   0 ns   |   0 ns   |    1|    1| function |
    +---------+---------+----------+----------+-----+-----+----------+

    + Detail: 
        * Instance: 
        N/A

        * Loop: 
        N/A



================================================================
== Utilization Estimates
================================================================
* Summary: 
+-----------------+---------+-------+-------+-------+-----+
|       Name      | BRAM_18K| DSP48E|   FF  |  LUT  | URAM|
+-----------------+---------+-------+-------+-------+-----+
|DSP              |        -|      -|      -|      -|    -|
|Expression       |        -|      -|      0|   1106|    -|
|FIFO             |        -|      -|      -|      -|    -|
|Instance         |        -|      -|      -|      -|    -|
|Memory           |        -|      -|      -|      -|    -|
|Multiplexer      |        -|      -|      -|      -|    -|
|Register         |        -|      -|      -|      -|    -|
+-----------------+---------+-------+-------+-------+-----+
|Total            |        0|      0|      0|   1106|    0|
+-----------------+---------+-------+-------+-------+-----+
|Available        |      100|     90|  41600|  20800|    0|
+-----------------+---------+-------+-------+-------+-----+
|Utilization (%)  |        0|      0|      0|      5|    0|
+-----------------+---------+-------+-------+-------+-----+

+ Detail: 
    * Instance: 
    N/A

    * DSP48E: 
    N/A

    * Memory: 
    N/A

    * FIFO: 
    N/A

    * Expression: 
    +-----------------------------+----------+-------+---+----+------------+------------+
    |        Variable Name        | Operation| DSP48E| FF| LUT| Bitwidth P0| Bitwidth P1|
    +-----------------------------+----------+-------+---+----+------------+------------+
    |add_ln415_16_fu_362_p2       |     +    |      0|  0|  15|           5|           5|
    |add_ln415_17_fu_500_p2       |     +    |      0|  0|  15|           5|           5|
    |add_ln415_18_fu_638_p2       |     +    |      0|  0|  15|           5|           5|
    |add_ln415_19_fu_776_p2       |     +    |      0|  0|  15|           5|           5|
    |add_ln415_20_fu_914_p2       |     +    |      0|  0|  15|           5|           5|
    |add_ln415_21_fu_1052_p2      |     +    |      0|  0|  15|           5|           5|
    |add_ln415_22_fu_1190_p2      |     +    |      0|  0|  15|           5|           5|
    |add_ln415_23_fu_1328_p2      |     +    |      0|  0|  15|           5|           5|
    |add_ln415_24_fu_1466_p2      |     +    |      0|  0|  15|           5|           5|
    |add_ln415_25_fu_1604_p2      |     +    |      0|  0|  15|           5|           5|
    |add_ln415_26_fu_1742_p2      |     +    |      0|  0|  15|           5|           5|
    |add_ln415_27_fu_1880_p2      |     +    |      0|  0|  15|           5|           5|
    |add_ln415_28_fu_2018_p2      |     +    |      0|  0|  15|           5|           5|
    |add_ln415_fu_224_p2          |     +    |      0|  0|  15|           5|           5|
    |and_ln415_11_fu_1042_p2      |    and   |      0|  0|   2|           1|           1|
    |and_ln415_12_fu_1180_p2      |    and   |      0|  0|   2|           1|           1|
    |and_ln415_13_fu_1318_p2      |    and   |      0|  0|   2|           1|           1|
    |and_ln415_14_fu_1456_p2      |    and   |      0|  0|   2|           1|           1|
    |and_ln415_15_fu_1594_p2      |    and   |      0|  0|   2|           1|           1|
    |and_ln415_16_fu_1870_p2      |    and   |      0|  0|   2|           1|           1|
    |and_ln415_17_fu_2008_p2      |    and   |      0|  0|   2|           1|           1|
    |and_ln415_1_fu_214_p2        |    and   |      0|  0|   2|           1|           1|
    |and_ln415_5_fu_352_p2        |    and   |      0|  0|   2|           1|           1|
    |and_ln415_6_fu_490_p2        |    and   |      0|  0|   2|           1|           1|
    |and_ln415_7_fu_628_p2        |    and   |      0|  0|   2|           1|           1|
    |and_ln415_8_fu_766_p2        |    and   |      0|  0|   2|           1|           1|
    |and_ln415_9_fu_904_p2        |    and   |      0|  0|   2|           1|           1|
    |and_ln415_fu_1732_p2         |    and   |      0|  0|   2|           1|           1|
    |and_ln416_16_fu_382_p2       |    and   |      0|  0|   2|           1|           1|
    |and_ln416_17_fu_520_p2       |    and   |      0|  0|   2|           1|           1|
    |and_ln416_18_fu_658_p2       |    and   |      0|  0|   2|           1|           1|
    |and_ln416_19_fu_796_p2       |    and   |      0|  0|   2|           1|           1|
    |and_ln416_20_fu_934_p2       |    and   |      0|  0|   2|           1|           1|
    |and_ln416_21_fu_1072_p2      |    and   |      0|  0|   2|           1|           1|
    |and_ln416_22_fu_1210_p2      |    and   |      0|  0|   2|           1|           1|
    |and_ln416_23_fu_1348_p2      |    and   |      0|  0|   2|           1|           1|
    |and_ln416_24_fu_1486_p2      |    and   |      0|  0|   2|           1|           1|
    |and_ln416_25_fu_1624_p2      |    and   |      0|  0|   2|           1|           1|
    |and_ln416_26_fu_1762_p2      |    and   |      0|  0|   2|           1|           1|
    |and_ln416_27_fu_1900_p2      |    and   |      0|  0|   2|           1|           1|
    |and_ln416_28_fu_2038_p2      |    and   |      0|  0|   2|           1|           1|
    |and_ln416_fu_244_p2          |    and   |      0|  0|   2|           1|           1|
    |icmp_ln1494_11_fu_986_p2     |   icmp   |      0|  0|  13|          16|           1|
    |icmp_ln1494_12_fu_1124_p2    |   icmp   |      0|  0|  13|          16|           1|
    |icmp_ln1494_13_fu_1262_p2    |   icmp   |      0|  0|  13|          16|           1|
    |icmp_ln1494_14_fu_1400_p2    |   icmp   |      0|  0|  13|          16|           1|
    |icmp_ln1494_15_fu_1538_p2    |   icmp   |      0|  0|  13|          16|           1|
    |icmp_ln1494_16_fu_1814_p2    |   icmp   |      0|  0|  13|          16|           1|
    |icmp_ln1494_17_fu_1952_p2    |   icmp   |      0|  0|  13|          16|           1|
    |icmp_ln1494_1_fu_158_p2      |   icmp   |      0|  0|  13|          16|           1|
    |icmp_ln1494_5_fu_296_p2      |   icmp   |      0|  0|  13|          16|           1|
    |icmp_ln1494_6_fu_434_p2      |   icmp   |      0|  0|  13|          16|           1|
    |icmp_ln1494_7_fu_572_p2      |   icmp   |      0|  0|  13|          16|           1|
    |icmp_ln1494_8_fu_710_p2      |   icmp   |      0|  0|  13|          16|           1|
    |icmp_ln1494_9_fu_848_p2      |   icmp   |      0|  0|  13|          16|           1|
    |icmp_ln1494_fu_1676_p2       |   icmp   |      0|  0|  13|          16|           1|
    |icmp_ln718_16_fu_324_p2      |   icmp   |      0|  0|   9|           4|           1|
    |icmp_ln718_17_fu_462_p2      |   icmp   |      0|  0|   9|           4|           1|
    |icmp_ln718_18_fu_600_p2      |   icmp   |      0|  0|   9|           4|           1|
    |icmp_ln718_19_fu_738_p2      |   icmp   |      0|  0|   9|           4|           1|
    |icmp_ln718_20_fu_876_p2      |   icmp   |      0|  0|   9|           4|           1|
    |icmp_ln718_21_fu_1014_p2     |   icmp   |      0|  0|   9|           4|           1|
    |icmp_ln718_22_fu_1152_p2     |   icmp   |      0|  0|   9|           4|           1|
    |icmp_ln718_23_fu_1290_p2     |   icmp   |      0|  0|   9|           4|           1|
    |icmp_ln718_24_fu_1428_p2     |   icmp   |      0|  0|   9|           4|           1|
    |icmp_ln718_25_fu_1566_p2     |   icmp   |      0|  0|   9|           4|           1|
    |icmp_ln718_26_fu_1704_p2     |   icmp   |      0|  0|   9|           4|           1|
    |icmp_ln718_27_fu_1842_p2     |   icmp   |      0|  0|   9|           4|           1|
    |icmp_ln718_28_fu_1980_p2     |   icmp   |      0|  0|   9|           4|           1|
    |icmp_ln718_fu_186_p2         |   icmp   |      0|  0|   9|           4|           1|
    |icmp_ln768_16_fu_404_p2      |   icmp   |      0|  0|  11|           6|           1|
    |icmp_ln768_17_fu_542_p2      |   icmp   |      0|  0|  11|           6|           1|
    |icmp_ln768_18_fu_680_p2      |   icmp   |      0|  0|  11|           6|           1|
    |icmp_ln768_19_fu_818_p2      |   icmp   |      0|  0|  11|           6|           1|
    |icmp_ln768_20_fu_956_p2      |   icmp   |      0|  0|  11|           6|           1|
    |icmp_ln768_21_fu_1094_p2     |   icmp   |      0|  0|  11|           6|           1|
    |icmp_ln768_22_fu_1232_p2     |   icmp   |      0|  0|  11|           6|           1|
    |icmp_ln768_23_fu_1370_p2     |   icmp   |      0|  0|  11|           6|           1|
    |icmp_ln768_24_fu_1508_p2     |   icmp   |      0|  0|  11|           6|           1|
    |icmp_ln768_25_fu_1646_p2     |   icmp   |      0|  0|  11|           6|           1|
    |icmp_ln768_26_fu_1784_p2     |   icmp   |      0|  0|  11|           6|           1|
    |icmp_ln768_27_fu_1922_p2     |   icmp   |      0|  0|  11|           6|           1|
    |icmp_ln768_28_fu_2060_p2     |   icmp   |      0|  0|  11|           6|           1|
    |icmp_ln768_fu_266_p2         |   icmp   |      0|  0|  11|           6|           1|
    |icmp_ln879_16_fu_398_p2      |   icmp   |      0|  0|  11|           6|           2|
    |icmp_ln879_17_fu_536_p2      |   icmp   |      0|  0|  11|           6|           2|
    |icmp_ln879_18_fu_674_p2      |   icmp   |      0|  0|  11|           6|           2|
    |icmp_ln879_19_fu_812_p2      |   icmp   |      0|  0|  11|           6|           2|
    |icmp_ln879_20_fu_950_p2      |   icmp   |      0|  0|  11|           6|           2|
    |icmp_ln879_21_fu_1088_p2     |   icmp   |      0|  0|  11|           6|           2|
    |icmp_ln879_22_fu_1226_p2     |   icmp   |      0|  0|  11|           6|           2|
    |icmp_ln879_23_fu_1364_p2     |   icmp   |      0|  0|  11|           6|           2|
    |icmp_ln879_24_fu_1502_p2     |   icmp   |      0|  0|  11|           6|           2|
    |icmp_ln879_25_fu_1640_p2     |   icmp   |      0|  0|  11|           6|           2|
    |icmp_ln879_26_fu_1778_p2     |   icmp   |      0|  0|  11|           6|           2|
    |icmp_ln879_27_fu_1916_p2     |   icmp   |      0|  0|  11|           6|           2|
    |icmp_ln879_28_fu_2054_p2     |   icmp   |      0|  0|  11|           6|           2|
    |icmp_ln879_fu_260_p2         |   icmp   |      0|  0|  11|           6|           2|
    |or_ln412_16_fu_338_p2        |    or    |      0|  0|   2|           1|           1|
    |or_ln412_17_fu_476_p2        |    or    |      0|  0|   2|           1|           1|
    |or_ln412_18_fu_614_p2        |    or    |      0|  0|   2|           1|           1|
    |or_ln412_19_fu_752_p2        |    or    |      0|  0|   2|           1|           1|
    |or_ln412_20_fu_890_p2        |    or    |      0|  0|   2|           1|           1|
    |or_ln412_21_fu_1028_p2       |    or    |      0|  0|   2|           1|           1|
    |or_ln412_22_fu_1166_p2       |    or    |      0|  0|   2|           1|           1|
    |or_ln412_23_fu_1304_p2       |    or    |      0|  0|   2|           1|           1|
    |or_ln412_24_fu_1442_p2       |    or    |      0|  0|   2|           1|           1|
    |or_ln412_25_fu_1580_p2       |    or    |      0|  0|   2|           1|           1|
    |or_ln412_26_fu_1718_p2       |    or    |      0|  0|   2|           1|           1|
    |or_ln412_27_fu_1856_p2       |    or    |      0|  0|   2|           1|           1|
    |or_ln412_28_fu_1994_p2       |    or    |      0|  0|   2|           1|           1|
    |or_ln412_fu_200_p2           |    or    |      0|  0|   2|           1|           1|
    |select_ln1494_16_fu_426_p3   |  select  |      0|  0|   5|           1|           5|
    |select_ln1494_17_fu_564_p3   |  select  |      0|  0|   5|           1|           5|
    |select_ln1494_18_fu_702_p3   |  select  |      0|  0|   5|           1|           5|
    |select_ln1494_19_fu_840_p3   |  select  |      0|  0|   5|           1|           5|
    |select_ln1494_20_fu_978_p3   |  select  |      0|  0|   5|           1|           5|
    |select_ln1494_21_fu_1116_p3  |  select  |      0|  0|   5|           1|           5|
    |select_ln1494_22_fu_1254_p3  |  select  |      0|  0|   5|           1|           5|
    |select_ln1494_23_fu_1392_p3  |  select  |      0|  0|   5|           1|           5|
    |select_ln1494_24_fu_1530_p3  |  select  |      0|  0|   5|           1|           5|
    |select_ln1494_25_fu_1668_p3  |  select  |      0|  0|   5|           1|           5|
    |select_ln1494_26_fu_1806_p3  |  select  |      0|  0|   5|           1|           5|
    |select_ln1494_27_fu_1944_p3  |  select  |      0|  0|   5|           1|           5|
    |select_ln1494_28_fu_2082_p3  |  select  |      0|  0|   5|           1|           5|
    |select_ln1494_fu_288_p3      |  select  |      0|  0|   5|           1|           5|
    |select_ln340_11_fu_1108_p3   |  select  |      0|  0|   5|           1|           5|
    |select_ln340_12_fu_1246_p3   |  select  |      0|  0|   5|           1|           5|
    |select_ln340_13_fu_1384_p3   |  select  |      0|  0|   5|           1|           5|
    |select_ln340_14_fu_1522_p3   |  select  |      0|  0|   5|           1|           5|
    |select_ln340_15_fu_1660_p3   |  select  |      0|  0|   5|           1|           5|
    |select_ln340_16_fu_1798_p3   |  select  |      0|  0|   5|           1|           5|
    |select_ln340_17_fu_2074_p3   |  select  |      0|  0|   5|           1|           5|
    |select_ln340_1_fu_280_p3     |  select  |      0|  0|   5|           1|           5|
    |select_ln340_5_fu_418_p3     |  select  |      0|  0|   5|           1|           5|
    |select_ln340_6_fu_556_p3     |  select  |      0|  0|   5|           1|           5|
    |select_ln340_7_fu_694_p3     |  select  |      0|  0|   5|           1|           5|
    |select_ln340_8_fu_832_p3     |  select  |      0|  0|   5|           1|           5|
    |select_ln340_9_fu_970_p3     |  select  |      0|  0|   5|           1|           5|
    |select_ln340_fu_1936_p3      |  select  |      0|  0|   5|           1|           5|
    |select_ln777_16_fu_410_p3    |  select  |      0|  0|   2|           1|           1|
    |select_ln777_17_fu_548_p3    |  select  |      0|  0|   2|           1|           1|
    |select_ln777_18_fu_686_p3    |  select  |      0|  0|   2|           1|           1|
    |select_ln777_19_fu_824_p3    |  select  |      0|  0|   2|           1|           1|
    |select_ln777_20_fu_962_p3    |  select  |      0|  0|   2|           1|           1|
    |select_ln777_21_fu_1100_p3   |  select  |      0|  0|   2|           1|           1|
    |select_ln777_22_fu_1238_p3   |  select  |      0|  0|   2|           1|           1|
    |select_ln777_23_fu_1376_p3   |  select  |      0|  0|   2|           1|           1|
    |select_ln777_24_fu_1514_p3   |  select  |      0|  0|   2|           1|           1|
    |select_ln777_25_fu_1652_p3   |  select  |      0|  0|   2|           1|           1|
    |select_ln777_26_fu_1790_p3   |  select  |      0|  0|   2|           1|           1|
    |select_ln777_27_fu_1928_p3   |  select  |      0|  0|   2|           1|           1|
    |select_ln777_28_fu_2066_p3   |  select  |      0|  0|   2|           1|           1|
    |select_ln777_fu_272_p3       |  select  |      0|  0|   2|           1|           1|
    |xor_ln416_16_fu_376_p2       |    xor   |      0|  0|   2|           1|           2|
    |xor_ln416_17_fu_514_p2       |    xor   |      0|  0|   2|           1|           2|
    |xor_ln416_18_fu_652_p2       |    xor   |      0|  0|   2|           1|           2|
    |xor_ln416_19_fu_790_p2       |    xor   |      0|  0|   2|           1|           2|
    |xor_ln416_20_fu_928_p2       |    xor   |      0|  0|   2|           1|           2|
    |xor_ln416_21_fu_1066_p2      |    xor   |      0|  0|   2|           1|           2|
    |xor_ln416_22_fu_1204_p2      |    xor   |      0|  0|   2|           1|           2|
    |xor_ln416_23_fu_1342_p2      |    xor   |      0|  0|   2|           1|           2|
    |xor_ln416_24_fu_1480_p2      |    xor   |      0|  0|   2|           1|           2|
    |xor_ln416_25_fu_1618_p2      |    xor   |      0|  0|   2|           1|           2|
    |xor_ln416_26_fu_1756_p2      |    xor   |      0|  0|   2|           1|           2|
    |xor_ln416_27_fu_1894_p2      |    xor   |      0|  0|   2|           1|           2|
    |xor_ln416_28_fu_2032_p2      |    xor   |      0|  0|   2|           1|           2|
    |xor_ln416_fu_238_p2          |    xor   |      0|  0|   2|           1|           2|
    +-----------------------------+----------+-------+---+----+------------+------------+
    |Total                        |          |      0|  0|1106|         616|         364|
    +-----------------------------+----------+-------+---+----+------------+------------+

    * Multiplexer: 
    N/A

    * Register: 
    N/A



================================================================
== Interface
================================================================
* Summary: 
+----------------+-----+-----+------------+------------------------------------------------------------------------+--------------+
|    RTL Ports   | Dir | Bits|  Protocol  |                              Source Object                             |    C Type    |
+----------------+-----+-----+------------+------------------------------------------------------------------------+--------------+
|ap_ready        | out |    1| ap_ctrl_hs | relu<ap_fixed<16, 6, 5, 3, 0>, ap_ufixed<5, 0, 4, 0, 0>, relu_config4> | return value |
|ap_return_0     | out |    5| ap_ctrl_hs | relu<ap_fixed<16, 6, 5, 3, 0>, ap_ufixed<5, 0, 4, 0, 0>, relu_config4> | return value |
|ap_return_1     | out |    5| ap_ctrl_hs | relu<ap_fixed<16, 6, 5, 3, 0>, ap_ufixed<5, 0, 4, 0, 0>, relu_config4> | return value |
|ap_return_2     | out |    5| ap_ctrl_hs | relu<ap_fixed<16, 6, 5, 3, 0>, ap_ufixed<5, 0, 4, 0, 0>, relu_config4> | return value |
|ap_return_3     | out |    5| ap_ctrl_hs | relu<ap_fixed<16, 6, 5, 3, 0>, ap_ufixed<5, 0, 4, 0, 0>, relu_config4> | return value |
|ap_return_4     | out |    5| ap_ctrl_hs | relu<ap_fixed<16, 6, 5, 3, 0>, ap_ufixed<5, 0, 4, 0, 0>, relu_config4> | return value |
|ap_return_5     | out |    5| ap_ctrl_hs | relu<ap_fixed<16, 6, 5, 3, 0>, ap_ufixed<5, 0, 4, 0, 0>, relu_config4> | return value |
|ap_return_6     | out |    5| ap_ctrl_hs | relu<ap_fixed<16, 6, 5, 3, 0>, ap_ufixed<5, 0, 4, 0, 0>, relu_config4> | return value |
|ap_return_7     | out |    5| ap_ctrl_hs | relu<ap_fixed<16, 6, 5, 3, 0>, ap_ufixed<5, 0, 4, 0, 0>, relu_config4> | return value |
|ap_return_8     | out |    5| ap_ctrl_hs | relu<ap_fixed<16, 6, 5, 3, 0>, ap_ufixed<5, 0, 4, 0, 0>, relu_config4> | return value |
|ap_return_9     | out |    5| ap_ctrl_hs | relu<ap_fixed<16, 6, 5, 3, 0>, ap_ufixed<5, 0, 4, 0, 0>, relu_config4> | return value |
|ap_return_10    | out |    5| ap_ctrl_hs | relu<ap_fixed<16, 6, 5, 3, 0>, ap_ufixed<5, 0, 4, 0, 0>, relu_config4> | return value |
|ap_return_11    | out |    5| ap_ctrl_hs | relu<ap_fixed<16, 6, 5, 3, 0>, ap_ufixed<5, 0, 4, 0, 0>, relu_config4> | return value |
|ap_return_12    | out |    5| ap_ctrl_hs | relu<ap_fixed<16, 6, 5, 3, 0>, ap_ufixed<5, 0, 4, 0, 0>, relu_config4> | return value |
|ap_return_13    | out |    5| ap_ctrl_hs | relu<ap_fixed<16, 6, 5, 3, 0>, ap_ufixed<5, 0, 4, 0, 0>, relu_config4> | return value |
|data_1_V_read   |  in |   16|   ap_none  |                              data_1_V_read                             |    scalar    |
|data_5_V_read   |  in |   16|   ap_none  |                              data_5_V_read                             |    scalar    |
|data_6_V_read   |  in |   16|   ap_none  |                              data_6_V_read                             |    scalar    |
|data_7_V_read   |  in |   16|   ap_none  |                              data_7_V_read                             |    scalar    |
|data_8_V_read   |  in |   16|   ap_none  |                              data_8_V_read                             |    scalar    |
|data_9_V_read   |  in |   16|   ap_none  |                              data_9_V_read                             |    scalar    |
|data_11_V_read  |  in |   16|   ap_none  |                             data_11_V_read                             |    scalar    |
|data_12_V_read  |  in |   16|   ap_none  |                             data_12_V_read                             |    scalar    |
|data_13_V_read  |  in |   16|   ap_none  |                             data_13_V_read                             |    scalar    |
|data_14_V_read  |  in |   16|   ap_none  |                             data_14_V_read                             |    scalar    |
|data_15_V_read  |  in |   16|   ap_none  |                             data_15_V_read                             |    scalar    |
|data_16_V_read  |  in |   16|   ap_none  |                             data_16_V_read                             |    scalar    |
|data_18_V_read  |  in |   16|   ap_none  |                             data_18_V_read                             |    scalar    |
|data_19_V_read  |  in |   16|   ap_none  |                             data_19_V_read                             |    scalar    |
+----------------+-----+-----+------------+------------------------------------------------------------------------+--------------+

